
7 мая 2026 г. 18:49:55


